status: success
error_code: 0
stack: []
memory: '000102030405060708090A0B0C0D0E0F101112131415161718191A1B1C1D1E1F000102030405060708090A0B0C0D0E0F101112131415161718191A1B1C1D1E1F'
storage: {}
transient_storage: {}
return: '000102030405060708090A0B0C0D0E0F101112131415161718191A1B1C1D1E1F'
events: []
